<!doctype html>
<html lang="en">
<head>
<meta charset="utf-8">
<title>Glossary</title>
<!--
   This is meant to be included in the <head> section of an HTML document.
-->

<meta name="viewport"
      content="width=device-width, initial-scale=1.0, user-scalable=yes">

<style>
/* Use fixed-width body for readability. */
body {
  margin: 6.5em auto 2.5em auto;
  padding: 0.5em 1.5em;

  max-width: 70ex;
  text-align: left;
  font-family: 'Droid Serif', serif;

  /* Set the background to something different the the default github
     background color (white) so that a screenshot is identified as
     such. */
  background-color: #fefaff;
  color: black;
}

h1, h2, h3, h4 {
  margin: 1.5em 0em 0.8em 0em;
  line-height: 1.1;
}

/* Make page readable on mobile devices. */
@media only screen and (max-width: 480px) {
  body {
    margin: 0px;
  }
}

/* Fit the graph nicely */
img {
  height: auto;
  max-width: 100%;
  display: block;
  margin: 0em auto 0em;
}

/*
   The various HTML elements created by 'vanity' have their own class
   name, allowing them to be styled.
*/
a.vanity-term-link,
a.vanity-term-link:visited {
  color: black;
  font-weight: bold;
}

a.vanity-term-link:hover,
a.vanity-term-link:active {
  color: #f2a;
}
</style>
</head>
<body>
<h1>Glossary</h1><p>
This is a sample glossary rendered with
<a href="https://github.com/mjambon/vanity">vanity</a>, a program meant to
encourage the use of acyclic definitions. All terms rendered as links
are guaranteed to have been defined earlier.
</p>


<p class="vanity-def">
  <a name="vanity-6675726e6974757265"></a><strong class="vanity-term">furniture</strong>:
  <span class="vanity-contents">collective noun designating all sorts of large but movable items used in indoor settings with a primary non-decorative function.

  </span>
</p>

<p class="vanity-def">
  <a name="vanity-7461626c65"></a><strong class="vanity-term">table</strong>:
  <span class="vanity-contents">a <a href="#vanity-6675726e6974757265" class="vanity-term-link">piece of furniture</a> with a horizontal surface lying above the floor that was designed to support smaller objects.

  </span>
</p>

<p class="vanity-def">
  <a name="vanity-73656174"></a><strong class="vanity-term">seat</strong>:
  <span class="vanity-contents">a <a href="#vanity-6675726e6974757265" class="vanity-term-link">piece of furniture</a> designed for a single person to sit on it.

  </span>
</p>

<p class="vanity-def">
  <a name="vanity-6368616972"></a><strong class="vanity-term">chair</strong>:
  <span class="vanity-contents">a mobile <a href="#vanity-73656174" class="vanity-term-link">seat</a> with a backrest.

  </span>
</p>

<p class="vanity-def">
  <a name="vanity-73746f6f6c"></a><strong class="vanity-term">stool</strong>:
  <span class="vanity-contents">a <a href="#vanity-73656174" class="vanity-term-link">seat</a> without a backrest.

  </span>
</p>

<p class="vanity-def">
  <a name="vanity-62656e6368"></a><strong class="vanity-term">bench</strong>:
  <span class="vanity-contents">an item designed for several people to sit on, with a hard surface.

  </span>
</p>

<p class="vanity-def">
  <a name="vanity-636f756368"></a><strong class="vanity-term">couch</strong>:
  <span class="vanity-contents">a <a href="#vanity-6675726e6974757265" class="vanity-term-link">piece of furniture</a> designed for multiple people to sit on, with a cushy surface.

  </span>
</p>

<p class="vanity-def">
  <a name="vanity-69506164"></a><strong class="vanity-term">iPad</strong>:
  <span class="vanity-contents"><a href="#vanity-636f756368" class="vanity-term-link">Couch</a>. <a href="#vanity-636f756368" class="vanity-term-link">Couches</a>. That&#39;s all the iPad is for.

  </span>
</p>

<p class="vanity-def">
  <a name="vanity-4170706c65"></a><strong class="vanity-term">Apple</strong>:
  <span class="vanity-contents">the maker of the <a href="#vanity-69506164" class="vanity-term-link">ipad</a>.

  </span>
</p>
<p class="vanity-index"><a href="#vanity-6170706c65" class="vanity-term-link">Apple</a>, <a href="#vanity-62656e6368" class="vanity-term-link">bench</a>, <a href="#vanity-6368616972" class="vanity-term-link">chair</a>, <a href="#vanity-636f756368" class="vanity-term-link">couch</a>, <a href="#vanity-6675726e6974757265" class="vanity-term-link">furniture</a>, <a href="#vanity-69706164" class="vanity-term-link">iPad</a>, <a href="#vanity-73656174" class="vanity-term-link">seat</a>, <a href="#vanity-73746f6f6c" class="vanity-term-link">stool</a>, <a href="#vanity-7461626c65" class="vanity-term-link">table</a></p>
<p>
  Here's the directed acyclic graph (DAG) representing all the terms:
</p>
<p>
  <a href="complex.png"><img src="complex.png"></a>
</p>
</body>
</html>
